exports[`App snapshots 1`] = `
<App
  fetchInitialData={[Function]}
  isLoading={false}>
  <div
    className="page">
    <div
      className="interactions">
      <Search
        onChange={[Function]}
        onSubmit={[Function]}
        value="redux">
        <form
          onSubmit={[Function]}>
          <input
            onChange={[Function]}
            type="text"
            value="redux" />
          <button
            type="submit">
            Search
          </button>
        </form>
      </Search>
    </div>
    <Table
      list={Array []}
      onDismiss={[Function]}
      pattern="redux">
      <div
        className="table">
        <TableHeader
          activeSortKey="NONE"
          isSortReverse={false}
          onSort={[Function]}>
          <div
            className="table-header">
            <span
              className="midColumn">
              <Sort
                activeSortKey="NONE"
                isSortReverse={false}
                onSort={[Function]}
                sortKey="TITLE">
                <Button
                  className="button-inline"
                  onClick={[Function]}>
                  <button
                    className="button-inline"
                    onClick={[Function]}
                    type="button">
                    Title
                    <span
                      className="fa" />
                  </button>
                </Button>
              </Sort>
            </span>
            <span
              className="midColumn">
              <Sort
                activeSortKey="NONE"
                isSortReverse={false}
                onSort={[Function]}
                sortKey="AUTHOR">
                <Button
                  className="button-inline"
                  onClick={[Function]}>
                  <button
                    className="button-inline"
                    onClick={[Function]}
                    type="button">
                    Author
                    <span
                      className="fa" />
                  </button>
                </Button>
              </Sort>
            </span>
            <span
              className="smallColumn">
              <Sort
                activeSortKey="NONE"
                isSortReverse={false}
                onSort={[Function]}
                sortKey="COMMENTS">
                <Button
                  className="button-inline"
                  onClick={[Function]}>
                  <button
                    className="button-inline"
                    onClick={[Function]}
                    type="button">
                    Comments
                    <span
                      className="fa" />
                  </button>
                </Button>
              </Sort>
            </span>
            <span
              className="smallColumn">
              <Sort
                activeSortKey="NONE"
                isSortReverse={false}
                onSort={[Function]}
                sortKey="POINTS">
                <Button
                  className="button-inline"
                  onClick={[Function]}>
                  <button
                    className="button-inline"
                    onClick={[Function]}
                    type="button">
                    Points
                    <span
                      className="fa" />
                  </button>
                </Button>
              </Sort>
            </span>
            <span
              className="smallColumn">
              <Button
                className="">
                <button
                  className=""
                  type="button">
                  Archive
                </button>
              </Button>
            </span>
          </div>
        </TableHeader>
        <div
          className="table-body" />
      </div>
    </Table>
    <div
      className="interactions">
      <Component
        isLoading={true}
        onClick={[Function]}>
        <Loading>
          <div>
            Loading...
          </div>
        </Loading>
      </Component>
    </div>
  </div>
</App>
`;

exports[`App snapshots 2`] = `
<App
  fetchInitialData={[Function]}
  isLoading={false}>
  <div
    className="page">
    <div
      className="interactions">
      <Search
        onChange={[Function]}
        onSubmit={[Function]}
        value="redux">
        <form
          onSubmit={[Function]}>
          <input
            onChange={[Function]}
            type="text"
            value="redux" />
          <button
            type="submit">
            Search
          </button>
        </form>
      </Search>
    </div>
    <Table
      list={Array []}
      onDismiss={[Function]}
      pattern="redux">
      <div
        className="table">
        <TableHeader
          activeSortKey="NONE"
          isSortReverse={false}
          onSort={[Function]}>
          <div
            className="table-header">
            <span
              className="midColumn">
              <Sort
                activeSortKey="NONE"
                isSortReverse={false}
                onSort={[Function]}
                sortKey="TITLE">
                <Button
                  className="button-inline"
                  onClick={[Function]}>
                  <button
                    className="button-inline"
                    onClick={[Function]}
                    type="button">
                    Title
                    <span
                      className="fa" />
                  </button>
                </Button>
              </Sort>
            </span>
            <span
              className="midColumn">
              <Sort
                activeSortKey="NONE"
                isSortReverse={false}
                onSort={[Function]}
                sortKey="AUTHOR">
                <Button
                  className="button-inline"
                  onClick={[Function]}>
                  <button
                    className="button-inline"
                    onClick={[Function]}
                    type="button">
                    Author
                    <span
                      className="fa" />
                  </button>
                </Button>
              </Sort>
            </span>
            <span
              className="smallColumn">
              <Sort
                activeSortKey="NONE"
                isSortReverse={false}
                onSort={[Function]}
                sortKey="COMMENTS">
                <Button
                  className="button-inline"
                  onClick={[Function]}>
                  <button
                    className="button-inline"
                    onClick={[Function]}
                    type="button">
                    Comments
                    <span
                      className="fa" />
                  </button>
                </Button>
              </Sort>
            </span>
            <span
              className="smallColumn">
              <Sort
                activeSortKey="NONE"
                isSortReverse={false}
                onSort={[Function]}
                sortKey="POINTS">
                <Button
                  className="button-inline"
                  onClick={[Function]}>
                  <button
                    className="button-inline"
                    onClick={[Function]}
                    type="button">
                    Points
                    <span
                      className="fa" />
                  </button>
                </Button>
              </Sort>
            </span>
            <span
              className="smallColumn">
              <Button
                className="">
                <button
                  className=""
                  type="button">
                  Archive
                </button>
              </Button>
            </span>
          </div>
        </TableHeader>
        <div
          className="table-body" />
      </div>
    </Table>
    <div
      className="interactions">
      <Component
        isLoading={true}
        onClick={[Function]}>
        <Loading>
          <div>
            Loading...
          </div>
        </Loading>
      </Component>
    </div>
  </div>
</App>
`;
